// Jest Snapshot v1, https://goo.gl/fbAQLP

exports[`renders without crashing 1`] = `
<Connect(ConnectedRouter)
  history={
    Object {
      "action": "POP",
      "block": [Function],
      "createHref": [Function],
      "go": [Function],
      "goBack": [Function],
      "goForward": [Function],
      "length": 1,
      "listen": [Function],
      "location": Object {
        "hash": "",
        "pathname": "/",
        "search": "",
        "state": undefined,
      },
      "push": [Function],
      "replace": [Function],
    }
  }
>
  <Connect(Header) />
  <main
    className="main-app-body"
  >
    <Switch>
      <Route
        component={[Function]}
        path="/requests/create"
      />
      <Route
        component={[Function]}
        exact={true}
        path="/dashboard"
      />
      <Route
        component={[Function]}
        path="/login"
      />
      <Route
        component={[Function]}
        path="/signup"
      />
      <Route
        component={[Function]}
        exact={true}
        path="/requests"
      />
      <Route
        component={[Function]}
        path="/requests/:requestId"
      />
      <Route
        component={[Function]}
        exact={true}
        path="/"
      />
    </Switch>
  </main>
  <Footer />
</Connect(ConnectedRouter)>
`;
